###############################################################################
#                                                                             #
# IAR C/C++ Compiler V8.10.1.10194/W32 for 8051         18/Jul/2018  11:28:49 #
# Copyright 2004-2011 IAR Systems AB.                                         #
#                                                                             #
#    Core               =  plain                                              #
#    Code model         =  banked                                             #
#    Data model         =  large                                              #
#    Calling convention =  xdata reentrant                                    #
#    Constant location  =  data_rom                                           #
#    Dptr setup         =  1,16                                               #
#    Source file        =  C:\Documents and Settings\new\桌面\协调器\Projects #
#                          \zstack\Samples\SampleApp\Source\SampleApp.c       #
#    Command line       =  -f "C:\Documents and Settings\new\桌面\协调器\Proj #
#                          ects\zstack\Samples\SampleApp\CC2530DB\..\..\..\To #
#                          ols\CC2530DB\f8wCoord.cfg" (-DCPU32MHZ             #
#                          -DROOT=__near_func -DMAC_CFG_APP_PENDING_QUEUE=TRU #
#                          E -DMAC_CFG_TX_DATA_MAX=5 -DMAC_CFG_TX_MAX=8       #
#                          -DMAC_CFG_RX_MAX=5 -DZDO_COORDINATOR -DRTR_NWK)    #
#                          -f "C:\Documents and Settings\new\桌面\协调器\Proj #
#                          ects\zstack\Samples\SampleApp\CC2530DB\..\..\..\To #
#                          ols\CC2530DB\f8wConfig.cfg" (-DZIGBEEPRO           #
#                          -DSECURE=0 -DZG_SECURE_DYNAMIC=0 -DREFLECTOR       #
#                          -DDEFAULT_CHANLIST=0x00020000                      #
#                          -DZDAPP_CONFIG_PAN_ID=0xFF07                       #
#                          -DNWK_START_DELAY=100 -DEXTENDED_JOINING_RANDOM_MA #
#                          SK=0x007F -DBEACON_REQUEST_DELAY=100               #
#                          -DBEACON_REQ_DELAY_MASK=0x00FF                     #
#                          -DLINK_STATUS_JITTER_MASK=0x007F                   #
#                          -DROUTE_EXPIRY_TIME=30 -DAPSC_ACK_WAIT_DURATION_PO #
#                          LLED=3000 -DNWK_INDIRECT_MSG_TIMEOUT=7             #
#                          -DMAX_RREQ_ENTRIES=8 -DAPSC_MAX_FRAME_RETRIES=3    #
#                          -DNWK_MAX_DATA_RETRIES=2                           #
#                          -DMAX_POLL_FAILURE_RETRIES=2 -DMAX_BCAST=9         #
#                          -DAPS_MAX_GROUPS=16 -DMAX_RTG_ENTRIES=40           #
#                          -DNWK_MAX_BINDING_ENTRIES=4                        #
#                          -DMAX_BINDING_CLUSTER_IDS=4 "-DDEFAULT_KEY={0x01,  #
#                          0x03, 0x05, 0x07, 0x09, 0x0B, 0x0D, 0x0F, 0x00,    #
#                          0x02, 0x04, 0x06, 0x08, 0x0A, 0x0C, 0x0D}"         #
#                          -DMAC_MAX_FRAME_SIZE=116                           #
#                          -DZDNWKMGR_MIN_TRANSMISSIONS=20 "-DCONST=const     #
#                          __code" -DGENERIC=__generic                        #
#                          -DRFD_RCVC_ALWAYS_ON=FALSE -DPOLL_RATE=1000        #
#                          -DQUEUED_POLL_RATE=100 -DRESPONSE_POLL_RATE=100)   #
#                          -DREJOIN_POLL_RATE=440 "C:\Documents and           #
#                          Settings\new\桌面\协调器\Projects\zstack\Samples\S #
#                          ampleApp\Source\SampleApp.c" -D ZTOOL_P1 -D        #
#                          xMT_TASK -D xMT_SYS_FUNC -D xMT_ZDO_FUNC -D        #
#                          LCD_SUPPORTED=DEBUG -lC "C:\Documents and          #
#                          Settings\new\桌面\协调器\Projects\zstack\Samples\S #
#                          ampleApp\CC2530DB\CoordinatorEB\List\" -lA         #
#                          "C:\Documents and Settings\new\桌面\协调器\Project #
#                          s\zstack\Samples\SampleApp\CC2530DB\CoordinatorEB\ #
#                          List\" --diag_suppress Pe001,Pa010 -o              #
#                          "C:\Documents and Settings\new\桌面\协调器\Project #
#                          s\zstack\Samples\SampleApp\CC2530DB\CoordinatorEB\ #
#                          Obj\" -e --no_code_motion --debug --core=plain     #
#                          --dptr=16,1 --data_model=large                     #
#                          --code_model=banked --calling_convention=xdata_ree #
#                          ntrant --place_constants=data_rom                  #
#                          --nr_virtual_regs 16 -I "C:\Documents and          #
#                          Settings\new\桌面\协调器\Projects\zstack\Samples\S #
#                          ampleApp\CC2530DB\" -I "C:\Documents and           #
#                          Settings\new\桌面\协调器\Projects\zstack\Samples\S #
#                          ampleApp\CC2530DB\..\Source\" -I "C:\Documents     #
#                          and Settings\new\桌面\协调器\Projects\zstack\Sampl #
#                          es\SampleApp\CC2530DB\..\..\..\ZMain\TI2530DB\"    #
#                          -I "C:\Documents and Settings\new\桌面\协调器\Proj #
#                          ects\zstack\Samples\SampleApp\CC2530DB\..\..\..\.. #
#                          \..\Components\hal\include\" -I "C:\Documents and  #
#                          Settings\new\桌面\协调器\Projects\zstack\Samples\S #
#                          ampleApp\CC2530DB\..\..\..\..\..\Components\hal\ta #
#                          rget\CC2530EB\" -I "C:\Documents and               #
#                          Settings\new\桌面\协调器\Projects\zstack\Samples\S #
#                          ampleApp\CC2530DB\..\..\..\..\..\Components\mac\in #
#                          clude\" -I "C:\Documents and                       #
#                          Settings\new\桌面\协调器\Projects\zstack\Samples\S #
#                          ampleApp\CC2530DB\..\..\..\..\..\Components\mac\hi #
#                          gh_level\" -I "C:\Documents and                    #
#                          Settings\new\桌面\协调器\Projects\zstack\Samples\S #
#                          ampleApp\CC2530DB\..\..\..\..\..\Components\mac\lo #
#                          w_level\srf04\" -I "C:\Documents and               #
#                          Settings\new\桌面\协调器\Projects\zstack\Samples\S #
#                          ampleApp\CC2530DB\..\..\..\..\..\Components\mac\lo #
#                          w_level\srf04\single_chip\" -I "C:\Documents and   #
#                          Settings\new\桌面\协调器\Projects\zstack\Samples\S #
#                          ampleApp\CC2530DB\..\..\..\..\..\Components\mt\"   #
#                          -I "C:\Documents and Settings\new\桌面\协调器\Proj #
#                          ects\zstack\Samples\SampleApp\CC2530DB\..\..\..\.. #
#                          \..\Components\osal\include\" -I "C:\Documents     #
#                          and Settings\new\桌面\协调器\Projects\zstack\Sampl #
#                          es\SampleApp\CC2530DB\..\..\..\..\..\Components\se #
#                          rvices\saddr\" -I "C:\Documents and                #
#                          Settings\new\桌面\协调器\Projects\zstack\Samples\S #
#                          ampleApp\CC2530DB\..\..\..\..\..\Components\servic #
#                          es\sdata\" -I "C:\Documents and                    #
#                          Settings\new\桌面\协调器\Projects\zstack\Samples\S #
#                          ampleApp\CC2530DB\..\..\..\..\..\Components\stack\ #
#                          af\" -I "C:\Documents and                          #
#                          Settings\new\桌面\协调器\Projects\zstack\Samples\S #
#                          ampleApp\CC2530DB\..\..\..\..\..\Components\stack\ #
#                          nwk\" -I "C:\Documents and                         #
#                          Settings\new\桌面\协调器\Projects\zstack\Samples\S #
#                          ampleApp\CC2530DB\..\..\..\..\..\Components\stack\ #
#                          sapi\" -I "C:\Documents and                        #
#                          Settings\new\桌面\协调器\Projects\zstack\Samples\S #
#                          ampleApp\CC2530DB\..\..\..\..\..\Components\stack\ #
#                          sec\" -I "C:\Documents and                         #
#                          Settings\new\桌面\协调器\Projects\zstack\Samples\S #
#                          ampleApp\CC2530DB\..\..\..\..\..\Components\stack\ #
#                          sys\" -I "C:\Documents and                         #
#                          Settings\new\桌面\协调器\Projects\zstack\Samples\S #
#                          ampleApp\CC2530DB\..\..\..\..\..\Components\stack\ #
#                          zdo\" -I "C:\Documents and                         #
#                          Settings\new\桌面\协调器\Projects\zstack\Samples\S #
#                          ampleApp\CC2530DB\..\..\..\..\..\Components\zmac\" #
#                           -I "C:\Documents and Settings\new\桌面\协调器\Pro #
#                          jects\zstack\Samples\SampleApp\CC2530DB\..\..\..\. #
#                          .\..\Components\zmac\f8w\" -Ohz                    #
#                          --require_prototypes                               #
#    List file          =  C:\Documents and Settings\new\桌面\协调器\Projects #
#                          \zstack\Samples\SampleApp\CC2530DB\CoordinatorEB\L #
#                          ist\SampleApp.lst                                  #
#    Object file        =  C:\Documents and Settings\new\桌面\协调器\Projects #
#                          \zstack\Samples\SampleApp\CC2530DB\CoordinatorEB\O #
#                          bj\SampleApp.r51                                   #
#                                                                             #
#                                                                             #
###############################################################################

C:\Documents and Settings\new\桌面\协调器\Projects\zstack\Samples\SampleApp\Source\SampleApp.c
      1          /**************************************************************************************************
      2            Filename:       SampleApp.c
      3            Revised:        $Date: 2009-03-18 15:56:27 -0700 (Wed, 18 Mar 2009) $
      4            Revision:       $Revision: 19453 $
      5          
      6            Description:    Sample Application (no Profile).
      7          
      8          
      9            Copyright 2007 Texas Instruments Incorporated. All rights reserved.
     10          
     11            IMPORTANT: Your use of this Software is limited to those specific rights
     12            granted under the terms of a software license agreement between the user
     13            who downloaded the software, his/her employer (which must be your employer)
     14            and Texas Instruments Incorporated (the "License").  You may not use this
     15            Software unless you agree to abide by the terms of the License. The License
     16            limits your use, and you acknowledge, that the Software may not be modified,
     17            copied or distributed unless embedded on a Texas Instruments microcontroller
     18            or used solely and exclusively in conjunction with a Texas Instruments radio
     19            frequency transceiver, which is integrated into your product.  Other than for
     20            the foregoing purpose, you may not use, reproduce, copy, prepare derivative
     21            works of, modify, distribute, perform, display or sell this Software and/or
     22            its documentation for any purpose.
     23          
     24            YOU FURTHER ACKNOWLEDGE AND AGREE THAT THE SOFTWARE AND DOCUMENTATION ARE
     25            PROVIDED 揂S IS?WITHOUT WARRANTY OF ANY KIND, EITHER EXPRESS OR IMPLIED,
     26            INCLUDING WITHOUT LIMITATION, ANY WARRANTY OF MERCHANTABILITY, TITLE,
     27            NON-INFRINGEMENT AND FITNESS FOR A PARTICULAR PURPOSE. IN NO EVENT SHALL
     28            TEXAS INSTRUMENTS OR ITS LICENSORS BE LIABLE OR OBLIGATED UNDER CONTRACT,
     29            NEGLIGENCE, STRICT LIABILITY, CONTRIBUTION, BREACH OF WARRANTY, OR OTHER
     30            LEGAL EQUITABLE THEORY ANY DIRECT OR INDIRECT DAMAGES OR EXPENSES
     31            INCLUDING BUT NOT LIMITED TO ANY INCIDENTAL, SPECIAL, INDIRECT, PUNITIVE
     32            OR CONSEQUENTIAL DAMAGES, LOST PROFITS OR LOST DATA, COST OF PROCUREMENT
     33            OF SUBSTITUTE GOODS, TECHNOLOGY, SERVICES, OR ANY CLAIMS BY THIRD PARTIES
     34            (INCLUDING BUT NOT LIMITED TO ANY DEFENSE THEREOF), OR OTHER SIMILAR COSTS.
     35          
     36            Should you have any questions regarding your right to use this Software,
     37            contact Texas Instruments Incorporated at www.TI.com.
     38          **************************************************************************************************/
     39          
     40          /*********************************************************************
     41            This application isn't intended to do anything useful, it is
     42            intended to be a simple example of an application's structure.
     43          
     44            This application sends it's messages either as broadcast or
     45            broadcast filtered group messages.  The other (more normal)
     46            message addressing is unicast.  Most of the other sample
     47            applications are written to support the unicast message model.
     48          
     49            Key control:
     50              SW1:  Sends a flash command to all devices in Group 1.
     51              SW2:  Adds/Removes (toggles) this device in and out
     52                    of Group 1.  This will enable and disable the
     53                    reception of the flash command.
     54          *********************************************************************/
     55          
     56          /*********************************************************************
     57           * INCLUDES
     58           */
     59          #include "OSAL.h"
     60          #include "ZGlobals.h"
     61          #include "AF.h"
     62          #include "aps_groups.h"
     63          #include "ZDApp.h"
     64          
     65          #include "SampleApp.h"
     66          #include "SampleAppHw.h"
     67          
     68          #include "OnBoard.h"

   \                                 In  segment SFR_AN, at 0xf3
   \   unsigned char volatile __sfr P0SEL
   \                     P0SEL:
   \   000000                DS 1
     69          
     70          /* HAL */
     71          #include "hal_lcd.h"
     72          #include "hal_led.h"
     73          #include "hal_key.h"
     74          
     75          #include  "MT_UART.h" //此处用于串口
     76          #include  "MT.h"
     77          #include  "DHT11.h"   //温湿度专用
     78          
     79          /*********************************************************************
     80           * MACROS
     81           */
     82          
     83          /*********************************************************************
     84           * CONSTANTS
     85           */
     86          
     87          /*********************************************************************
     88           * TYPEDEFS
     89           */
     90          
     91          /*********************************************************************
     92           * GLOBAL VARIABLES
     93           */
     94          
     95          // This list should be filled with Application specific Cluster IDs.

   \                                 In  segment XDATA_ROM_C, align 1
     96          const cId_t SampleApp_ClusterList[SAMPLEAPP_MAX_CLUSTERS] =
   \                     SampleApp_ClusterList:
   \   000000   0100         DW 1
   \   000002   0200         DW 2
   \   000004   0000         DW 0
     97          {
     98            SAMPLEAPP_PERIODIC_CLUSTERID,
     99            SAMPLEAPP_FLASH_CLUSTERID
    100          };
    101          

   \                                 In  segment XDATA_ROM_C, align 1
    102          const SimpleDescriptionFormat_t SampleApp_SimpleDesc =
   \                     SampleApp_SimpleDesc:
   \   000000   14           DB 20
   \   000001   080F         DW 3848
   \   000003   0100         DW 1
   \   000005   00           DB 0
   \   000006   03           DB 3
   \   000007   ....         DW SampleApp_ClusterList
   \   000009   03           DB 3
   \   00000A   ....         DW SampleApp_ClusterList
    103          {
    104            SAMPLEAPP_ENDPOINT,              //  int Endpoint;
    105            SAMPLEAPP_PROFID,                //  uint16 AppProfId[2];
    106            SAMPLEAPP_DEVICEID,              //  uint16 AppDeviceId[2];
    107            SAMPLEAPP_DEVICE_VERSION,        //  int   AppDevVer:4;
    108            SAMPLEAPP_FLAGS,                 //  int   AppFlags:4;
    109            SAMPLEAPP_MAX_CLUSTERS,          //  uint8  AppNumInClusters;
    110            (cId_t *)SampleApp_ClusterList,  //  uint8 *pAppInClusterList;
    111            SAMPLEAPP_MAX_CLUSTERS,          //  uint8  AppNumInClusters;
    112            (cId_t *)SampleApp_ClusterList   //  uint8 *pAppInClusterList;
    113          };
    114          
    115          // This is the Endpoint/Interface description.  It is defined here, but
    116          // filled-in in SampleApp_Init().  Another way to go would be to fill
    117          // in the structure here and make it a "const" (in code space).  The
    118          // way it's defined in this sample app it is define in RAM.

   \                                 In  segment XDATA_Z, align 1, keep-with-next
    119          endPointDesc_t SampleApp_epDesc;
   \                     SampleApp_epDesc:
   \   000000                DS 6
   \   000006                REQUIRE __INIT_XDATA_Z
    120          
    121          /*********************************************************************
    122           * EXTERNAL VARIABLES
    123           */
    124          
    125          /*********************************************************************
    126           * EXTERNAL FUNCTIONS
    127           */
    128          
    129          /*********************************************************************
    130           * LOCAL VARIABLES
    131           */

   \                                 In  segment XDATA_Z, align 1, keep-with-next
    132          uint8 SampleApp_TaskID;   // Task ID for internal task/event processing
   \                     SampleApp_TaskID:
   \   000000                DS 1
   \   000001                REQUIRE __INIT_XDATA_Z
    133                                    // This variable will be received when
    134                                    // SampleApp_Init() is called.

   \                                 In  segment XDATA_Z, align 1, keep-with-next
    135          devStates_t SampleApp_NwkState;
   \                     SampleApp_NwkState:
   \   000000                DS 1
   \   000001                REQUIRE __INIT_XDATA_Z
    136          

   \                                 In  segment XDATA_Z, align 1, keep-with-next
    137          uint8 SampleApp_TransID;  // This is the unique message ID (counter)
   \                     SampleApp_TransID:
   \   000000                DS 1
   \   000001                REQUIRE __INIT_XDATA_Z
    138          

   \                                 In  segment XDATA_Z, align 1, keep-with-next
    139          afAddrType_t SampleApp_Periodic_DstAddr;
   \                     SampleApp_Periodic_DstAddr:
   \   000000                DS 12
   \   00000C                REQUIRE __INIT_XDATA_Z

   \                                 In  segment XDATA_Z, align 1, keep-with-next
    140          afAddrType_t SampleApp_Flash_DstAddr;
   \                     SampleApp_Flash_DstAddr:
   \   000000                DS 12
   \   00000C                REQUIRE __INIT_XDATA_Z
    141          

   \                                 In  segment XDATA_Z, align 1, keep-with-next
    142          afAddrType_t Point_To_Point_DstAddr;//网蜂点对点通信定义
   \                     Point_To_Point_DstAddr:
   \   000000                DS 12
   \   00000C                REQUIRE __INIT_XDATA_Z
    143          

   \                                 In  segment XDATA_Z, align 1, keep-with-next
    144          aps_Group_t SampleApp_Group;
   \                     SampleApp_Group:
   \   000000                DS 18
   \   000012                REQUIRE __INIT_XDATA_Z
    145          

   \                                 In  segment XDATA_Z, align 1, keep-with-next
    146          uint8 SampleAppPeriodicCounter = 0;
   \                     SampleAppPeriodicCounter:
   \   000000                DS 1
   \   000001                REQUIRE __INIT_XDATA_Z

   \                                 In  segment XDATA_Z, align 1, keep-with-next
    147          uint8 SampleAppFlashCounter = 0;
   \                     SampleAppFlashCounter:
   \   000000                DS 1
   \   000001                REQUIRE __INIT_XDATA_Z
    148          
    149          /*********************************************************************
    150           * LOCAL FUNCTIONS
    151           */
    152          void SampleApp_HandleKeys( uint8 shift, uint8 keys );
    153          void SampleApp_MessageMSGCB( afIncomingMSGPacket_t *pckt );
    154          void SampleApp_SendPeriodicMessage( void );
    155          void SampleApp_SendFlashMessage( uint16 flashTime );
    156          void SampleApp_SendPointToPointMessage( mtOSALSerialData_t *cmdMsg );
    157          
    158          /*********************************************************************
    159           * NETWORK LAYER CALLBACKS
    160           */
    161          
    162          /*********************************************************************
    163           * PUBLIC FUNCTIONS
    164           */
    165          
    166          /*********************************************************************
    167           * @fn      SampleApp_Init
    168           *
    169           * @brief   Initialization function for the Generic App Task.
    170           *          This is called during initialization and should contain
    171           *          any application specific initialization (ie. hardware
    172           *          initialization/setup, table initialization, power up
    173           *          notificaiton ... ).
    174           *
    175           * @param   task_id - the ID assigned by OSAL.  This ID should be
    176           *                    used to send messages and set timers.
    177           *
    178           * @return  none
    179           */

   \                                 In  segment BANKED_CODE, align 1, keep-with-next
    180          void SampleApp_Init( uint8 task_id )
   \                     SampleApp_Init:
    181          {
   \   000000   74F5         MOV     A,#-0xb
   \   000002   12....       LCALL   ?BANKED_ENTER_XDATA
   \   000005                ; Saved register size: 11
   \   000005                ; Auto size: 0
   \   000005   E9           MOV     A,R1
   \   000006   FE           MOV     R6,A
    182            SampleApp_TaskID = task_id;
   \   000007   90....       MOV     DPTR,#SampleApp_TaskID
   \   00000A   F0           MOVX    @DPTR,A
    183            SampleApp_NwkState = DEV_INIT;
   \   00000B   90....       MOV     DPTR,#SampleApp_NwkState
   \   00000E   7401         MOV     A,#0x1
   \   000010   F0           MOVX    @DPTR,A
    184            SampleApp_TransID = 0;
   \   000011   90....       MOV     DPTR,#SampleApp_TransID
   \   000014   E4           CLR     A
   \   000015   F0           MOVX    @DPTR,A
    185            
    186            MT_UartInit();//串口初始化
   \   000016                ; Setup parameters for call to function MT_UartInit
   \   000016   12....       LCALL   ??MT_UartInit?relay
    187            MT_UartRegisterTaskID(task_id);//登记任务号
   \   000019                ; Setup parameters for call to function MT_UartRegisterTaskID
   \   000019   EE           MOV     A,R6
   \   00001A   F9           MOV     R1,A
   \   00001B   12....       LCALL   ??MT_UartRegisterTaskID?relay
    188            
    189            //温湿度传感器初始化 P0.6
    190            P0SEL &= 0xbf;
   \   00001E   53F3BF       ANL     0xf3,#0xbf
    191            
    192            // Device hardware initialization can be added here or in main() (Zmain.c).
    193            // If the hardware is application specific - add it here.
    194            // If the hardware is other parts of the device add it in main().
    195          
    196           #if defined ( BUILD_ALL_DEVICES )
    197            // The "Demo" target is setup to have BUILD_ALL_DEVICES and HOLD_AUTO_START
    198            // We are looking at a jumper (defined in SampleAppHw.c) to be jumpered
    199            // together - if they are - we will start up a coordinator. Otherwise,
    200            // the device will start as a router.
    201            if ( readCoordinatorJumper() )
    202              zgDeviceLogicalType = ZG_DEVICETYPE_COORDINATOR;
    203            else
    204              zgDeviceLogicalType = ZG_DEVICETYPE_ROUTER;
    205          #endif // BUILD_ALL_DEVICES
    206          
    207          #if defined ( HOLD_AUTO_START )
    208            // HOLD_AUTO_START is a compile option that will surpress ZDApp
    209            //  from starting the device and wait for the application to
    210            //  start the device.
    211            ZDOInitDevice(0);
    212          #endif
    213          
    214            // Setup for the periodic message's destination address
    215            // Broadcast to everyone
    216            SampleApp_Periodic_DstAddr.addrMode = (afAddrMode_t)AddrBroadcast;
   \   000021   90....       MOV     DPTR,#SampleApp_Periodic_DstAddr + 8
   \   000024   740F         MOV     A,#0xf
   \   000026   F0           MOVX    @DPTR,A
    217            SampleApp_Periodic_DstAddr.endPoint = SAMPLEAPP_ENDPOINT;
   \   000027   A3           INC     DPTR
   \   000028   7414         MOV     A,#0x14
   \   00002A   F0           MOVX    @DPTR,A
    218            SampleApp_Periodic_DstAddr.addr.shortAddr = 0xFFFF;
   \   00002B   90....       MOV     DPTR,#SampleApp_Periodic_DstAddr
   \   00002E   74FF         MOV     A,#-0x1
   \   000030   F0           MOVX    @DPTR,A
   \   000031   A3           INC     DPTR
   \   000032   F0           MOVX    @DPTR,A
    219          
    220            // Setup for the flash command's destination address - Group 1
    221            SampleApp_Flash_DstAddr.addrMode = (afAddrMode_t)afAddrGroup;
   \   000033   90....       MOV     DPTR,#SampleApp_Flash_DstAddr + 8
   \   000036   7401         MOV     A,#0x1
   \   000038   F0           MOVX    @DPTR,A
    222            SampleApp_Flash_DstAddr.endPoint = SAMPLEAPP_ENDPOINT;
   \   000039   A3           INC     DPTR
   \   00003A   7414         MOV     A,#0x14
   \   00003C   F0           MOVX    @DPTR,A
    223            SampleApp_Flash_DstAddr.addr.shortAddr = SAMPLEAPP_FLASH_GROUP;
   \   00003D   90....       MOV     DPTR,#SampleApp_Flash_DstAddr
   \   000040   7401         MOV     A,#0x1
   \   000042   F0           MOVX    @DPTR,A
   \   000043   A3           INC     DPTR
   \   000044   E4           CLR     A
   \   000045   F0           MOVX    @DPTR,A
    224            
    225            // 网蜂点对点通讯定义
    226              Point_To_Point_DstAddr.addrMode = (afAddrMode_t)Addr16Bit;//点播
   \   000046   90....       MOV     DPTR,#Point_To_Point_DstAddr + 8
   \   000049   7402         MOV     A,#0x2
   \   00004B   F0           MOVX    @DPTR,A
    227              Point_To_Point_DstAddr.endPoint = SAMPLEAPP_ENDPOINT;
   \   00004C   A3           INC     DPTR
   \   00004D   7414         MOV     A,#0x14
   \   00004F   F0           MOVX    @DPTR,A
    228              Point_To_Point_DstAddr.addr.shortAddr = 0x8779;  //终端地址
   \   000050   90....       MOV     DPTR,#Point_To_Point_DstAddr
   \   000053   7479         MOV     A,#0x79
   \   000055   F0           MOVX    @DPTR,A
   \   000056   A3           INC     DPTR
   \   000057   7487         MOV     A,#-0x79
   \   000059   F0           MOVX    @DPTR,A
    229                //发给终端
    230          
    231          
    232            // Fill out the endpoint description.
    233            SampleApp_epDesc.endPoint = SAMPLEAPP_ENDPOINT;
   \   00005A   90....       MOV     DPTR,#SampleApp_epDesc
   \   00005D   7414         MOV     A,#0x14
   \   00005F   F0           MOVX    @DPTR,A
    234            SampleApp_epDesc.task_id = &SampleApp_TaskID;
   \   000060   A3           INC     DPTR
   \   000061   74..         MOV     A,#SampleApp_TaskID & 0xff
   \   000063   F0           MOVX    @DPTR,A
   \   000064   A3           INC     DPTR
   \   000065   74..         MOV     A,#(SampleApp_TaskID >> 8) & 0xff
   \   000067   F0           MOVX    @DPTR,A
    235            SampleApp_epDesc.simpleDesc
    236                      = (SimpleDescriptionFormat_t *)&SampleApp_SimpleDesc;
   \   000068   A3           INC     DPTR
   \   000069   74..         MOV     A,#SampleApp_SimpleDesc & 0xff
   \   00006B   F0           MOVX    @DPTR,A
   \   00006C   A3           INC     DPTR
   \   00006D   74..         MOV     A,#(SampleApp_SimpleDesc >> 8) & 0xff
   \   00006F   F0           MOVX    @DPTR,A
    237            SampleApp_epDesc.latencyReq = noLatencyReqs;
   \   000070   A3           INC     DPTR
   \   000071   E4           CLR     A
   \   000072   F0           MOVX    @DPTR,A
    238          
    239            // Register the endpoint description with the AF
    240            afRegister( &SampleApp_epDesc );
   \   000073                ; Setup parameters for call to function afRegister
   \   000073   7A..         MOV     R2,#SampleApp_epDesc & 0xff
   \   000075   7B..         MOV     R3,#(SampleApp_epDesc >> 8) & 0xff
   \   000077   12....       LCALL   ??afRegister?relay
    241          
    242            // Register for all key events - This app will handle all key events
    243            RegisterForKeys( SampleApp_TaskID );
   \   00007A                ; Setup parameters for call to function RegisterForKeys
   \   00007A   90....       MOV     DPTR,#SampleApp_TaskID
   \   00007D   E0           MOVX    A,@DPTR
   \   00007E   F9           MOV     R1,A
   \   00007F   12....       LCALL   ??RegisterForKeys?relay
    244          
    245            // By default, all devices start out in Group 1
    246            SampleApp_Group.ID = 0x0001;
   \   000082   90....       MOV     DPTR,#SampleApp_Group
   \   000085   7401         MOV     A,#0x1
   \   000087   F0           MOVX    @DPTR,A
   \   000088   A3           INC     DPTR
   \   000089   E4           CLR     A
   \   00008A   F0           MOVX    @DPTR,A
    247            osal_memcpy( SampleApp_Group.name, "Group 1", 7  );
   \   00008B                ; Setup parameters for call to function osal_memcpy
   \   00008B   75....       MOV     ?V0 + 0,#`?<Constant "Group 1">` & 0xff
   \   00008E   75....       MOV     ?V0 + 1,#(`?<Constant "Group 1">` >> 8) & 0xff
   \   000091   F5..         MOV     ?V0 + 2,A
   \   000093   78..         MOV     R0,#?V0 + 0
   \   000095   12....       LCALL   ?PUSH_XSTACK_I_THREE
   \   000098   7C07         MOV     R4,#0x7
   \   00009A   7D00         MOV     R5,#0x0
   \   00009C   7A..         MOV     R2,#(SampleApp_Group + 2) & 0xff
   \   00009E   7B..         MOV     R3,#((SampleApp_Group + 2) >> 8) & 0xff
   \   0000A0   12....       LCALL   ??osal_memcpy?relay
   \   0000A3   7403         MOV     A,#0x3
   \   0000A5   12....       LCALL   ?DEALLOC_XSTACK8
    248            aps_AddGroup( SAMPLEAPP_ENDPOINT, &SampleApp_Group );
   \   0000A8                ; Setup parameters for call to function aps_AddGroup
   \   0000A8   7A..         MOV     R2,#SampleApp_Group & 0xff
   \   0000AA   7B..         MOV     R3,#(SampleApp_Group >> 8) & 0xff
   \   0000AC   7914         MOV     R1,#0x14
   \   0000AE   12....       LCALL   ??aps_AddGroup?relay
    249          
    250          #if defined ( LCD_SUPPORTED )
    251            HalLcdWriteString( "SampleApp", HAL_LCD_LINE_1 );
   \   0000B1                ; Setup parameters for call to function HalLcdWriteString
   \   0000B1   7901         MOV     R1,#0x1
   \   0000B3   7A..         MOV     R2,#`?<Constant "SampleApp">` & 0xff
   \   0000B5   7B..         MOV     R3,#(`?<Constant "SampleApp">` >> 8) & 0xff
   \   0000B7   12....       LCALL   ??HalLcdWriteString?relay
    252          #endif
    253          }
   \   0000BA   7F03         MOV     R7,#0x3
   \   0000BC   02....       LJMP    ?BANKED_LEAVE_XDATA
   \   0000BF                REQUIRE P0SEL
    254          
    255          /*********************************************************************
    256           * @fn      SampleApp_ProcessEvent
    257           *
    258           * @brief   Generic Application Task event processor.  This function
    259           *          is called to process all events for the task.  Events
    260           *          include timers, messages and any other user defined events.
    261           *
    262           * @param   task_id  - The OSAL assigned task ID.
    263           * @param   events - events to process.  This is a bit map and can
    264           *                   contain more than one event.
    265           *
    266           * @return  none
    267           */

   \                                 In  segment BANKED_CODE, align 1, keep-with-next
    268          uint16 SampleApp_ProcessEvent( uint8 task_id, uint16 events )
   \                     SampleApp_ProcessEvent:
    269          {
   \   000000   74F4         MOV     A,#-0xc
   \   000002   12....       LCALL   ?BANKED_ENTER_XDATA
   \   000005                ; Saved register size: 12
   \   000005                ; Auto size: 0
   \   000005   EA           MOV     A,R2
   \   000006   FE           MOV     R6,A
   \   000007   EB           MOV     A,R3
   \   000008   FF           MOV     R7,A
    270            afIncomingMSGPacket_t *MSGpkt;
    271            (void)task_id;  // Intentionally unreferenced parameter
    272          
    273            if ( events & SYS_EVENT_MSG )
   \   000009   5480         ANL     A,#0x80
   \   00000B   7003         JNZ     $+5
   \   00000D   02....       LJMP    ??SampleApp_ProcessEvent_0 & 0xFFFF
    274            {
    275              MSGpkt = (afIncomingMSGPacket_t *)osal_msg_receive( SampleApp_TaskID );
   \   000010                ; Setup parameters for call to function osal_msg_receive
   \   000010   802B         SJMP    ??SampleApp_ProcessEvent_1
    276              while ( MSGpkt )
    277              {
    278                switch ( MSGpkt->hdr.event )
    279                {
    280                  case CMD_SERIAL_MSG:
    281                    SampleApp_SendPointToPointMessage((mtOSALSerialData_t *)MSGpkt);
    282                    break;
    283                  // Received when a key is pressed
    284                  case KEY_CHANGE:
    285                    SampleApp_HandleKeys( ((keyChange_t *)MSGpkt)->state, ((keyChange_t *)MSGpkt)->keys );
    286                    break;
    287          
    288                  // Received when a messages is received (OTA) for this endpoint
    289                  case AF_INCOMING_MSG_CMD:
    290                    SampleApp_MessageMSGCB( MSGpkt );
    291                    break;
    292          
    293                  // Received whenever the device changes state in the network
    294                  case ZDO_STATE_CHANGE:
    295                    SampleApp_NwkState = (devStates_t)(MSGpkt->hdr.status);
   \                     ??SampleApp_ProcessEvent_2:
   \   000012   A3           INC     DPTR
   \   000013   E0           MOVX    A,@DPTR
   \   000014   90....       MOV     DPTR,#SampleApp_NwkState
   \   000017   F0           MOVX    @DPTR,A
    296                    if ( (SampleApp_NwkState == DEV_ZB_COORD)|| //协调器不给自己点播
    297                         (SampleApp_NwkState == DEV_ROUTER)
    298                        || (SampleApp_NwkState == DEV_END_DEVICE) )
   \   000018   6409         XRL     A,#0x9
   \   00001A   600A         JZ      ??SampleApp_ProcessEvent_3
   \   00001C   E0           MOVX    A,@DPTR
   \   00001D   6407         XRL     A,#0x7
   \   00001F   6005         JZ      ??SampleApp_ProcessEvent_3
   \   000021   E0           MOVX    A,@DPTR
   \   000022   6406         XRL     A,#0x6
   \   000024   7010         JNZ     ??SampleApp_ProcessEvent_4
    299                    {
    300                      // Start sending the periodic message in a regular interval.
    301                      osal_start_timerEx( SampleApp_TaskID,
    302                                        SAMPLEAPP_SEND_PERIODIC_MSG_EVT,
    303                                        SAMPLEAPP_SEND_PERIODIC_MSG_TIMEOUT );
   \                     ??SampleApp_ProcessEvent_3:
   \   000026                ; Setup parameters for call to function osal_start_timerEx
   \   000026   7C88         MOV     R4,#-0x78
   \   000028   7D13         MOV     R5,#0x13
   \   00002A   7A01         MOV     R2,#0x1
   \   00002C   7B00         MOV     R3,#0x0
   \   00002E   90....       MOV     DPTR,#SampleApp_TaskID
   \   000031   E0           MOVX    A,@DPTR
   \   000032   F9           MOV     R1,A
   \   000033   12....       LCALL   ??osal_start_timerEx?relay
    304                    }
    305                    else
    306                    {
    307                      // Device is no longer in the network
    308                    }
    309                    break;
    310          
    311                  default:
    312                    break;
    313                }
    314          
    315                // Release the memory
    316                osal_msg_deallocate( (uint8 *)MSGpkt );
   \                     ??SampleApp_ProcessEvent_4:
   \   000036                ; Setup parameters for call to function osal_msg_deallocate
   \   000036   AA..         MOV     R2,?V0 + 0
   \   000038   AB..         MOV     R3,?V0 + 1
   \   00003A   12....       LCALL   ??osal_msg_deallocate?relay
    317          
    318                // Next - if one is available
    319                MSGpkt = (afIncomingMSGPacket_t *)osal_msg_receive( SampleApp_TaskID );
   \   00003D                ; Setup parameters for call to function osal_msg_receive
   \                     ??SampleApp_ProcessEvent_1:
   \   00003D   90....       MOV     DPTR,#SampleApp_TaskID
   \   000040   E0           MOVX    A,@DPTR
   \   000041   F9           MOV     R1,A
   \   000042   12....       LCALL   ??osal_msg_receive?relay
   \   000045   8A..         MOV     ?V0 + 0,R2
   \   000047   8B..         MOV     ?V0 + 1,R3
   \   000049   E5..         MOV     A,?V0 + 0
   \   00004B   45..         ORL     A,?V0 + 1
   \   00004D   603E         JZ      ??SampleApp_ProcessEvent_5
   \   00004F   85..82       MOV     DPL,?V0 + 0
   \   000052   85..83       MOV     DPH,?V0 + 1
   \   000055   E0           MOVX    A,@DPTR
   \   000056   14           DEC     A
   \   000057   600E         JZ      ??SampleApp_ProcessEvent_6
   \   000059   24E7         ADD     A,#-0x19
   \   00005B   6027         JZ      ??SampleApp_ProcessEvent_7
   \   00005D   245A         ADD     A,#0x5a
   \   00005F   600F         JZ      ??SampleApp_ProcessEvent_8
   \   000061   24EF         ADD     A,#-0x11
   \   000063   60AD         JZ      ??SampleApp_ProcessEvent_2
   \   000065   80CF         SJMP    ??SampleApp_ProcessEvent_4
   \                     ??SampleApp_ProcessEvent_6:
   \   000067                ; Setup parameters for call to function SampleApp_SendPointToPointMessage
   \   000067   AA..         MOV     R2,?V0 + 0
   \   000069   AB..         MOV     R3,?V0 + 1
   \   00006B   12....       LCALL   ??SampleApp_SendPointToPointMessage?relay
   \   00006E   80C6         SJMP    ??SampleApp_ProcessEvent_4
   \                     ??SampleApp_ProcessEvent_8:
   \   000070                ; Setup parameters for call to function SampleApp_HandleKeys
   \   000070   A3           INC     DPTR
   \   000071   A3           INC     DPTR
   \   000072   A3           INC     DPTR
   \   000073   E0           MOVX    A,@DPTR
   \   000074   FA           MOV     R2,A
   \   000075   85..82       MOV     DPL,?V0 + 0
   \   000078   85..83       MOV     DPH,?V0 + 1
   \   00007B   A3           INC     DPTR
   \   00007C   A3           INC     DPTR
   \   00007D   E0           MOVX    A,@DPTR
   \   00007E   F9           MOV     R1,A
   \   00007F   12....       LCALL   ??SampleApp_HandleKeys?relay
   \   000082   80B2         SJMP    ??SampleApp_ProcessEvent_4
   \                     ??SampleApp_ProcessEvent_7:
   \   000084                ; Setup parameters for call to function SampleApp_MessageMSGCB
   \   000084   AA..         MOV     R2,?V0 + 0
   \   000086   AB..         MOV     R3,?V0 + 1
   \   000088   12....       LCALL   ??SampleApp_MessageMSGCB?relay
   \   00008B   80A9         SJMP    ??SampleApp_ProcessEvent_4
    320              }
    321          
    322              // return unprocessed events
    323              return (events ^ SYS_EVENT_MSG);
   \                     ??SampleApp_ProcessEvent_5:
   \   00008D   EE           MOV     A,R6
   \   00008E   FA           MOV     R2,A
   \   00008F   EF           MOV     A,R7
   \   000090   6480         XRL     A,#0x80
   \                     ??SampleApp_ProcessEvent_9:
   \   000092   FB           MOV     R3,A
   \   000093   8027         SJMP    ??SampleApp_ProcessEvent_10
    324            }
    325          
    326            // Send a message out - This event is generated by a timer
    327            //  (setup in SampleApp_Init()).
    328            if ( events & SAMPLEAPP_SEND_PERIODIC_MSG_EVT )
   \                     ??SampleApp_ProcessEvent_0:
   \   000095   EE           MOV     A,R6
   \   000096   A2E0         MOV     C,0xE0 /* A   */.0
   \   000098   501E         JNC     ??SampleApp_ProcessEvent_11
    329            {
    330              /*
    331              uint8 T[8];     //温度+提示符     
    332              DHT11();   //温度检测    
    333              T[0]=wendu_shi+48;
    334              T[1]=wendu_ge+48;
    335              T[2]=' ';
    336              T[3]=shidu_shi+48;
    337              T[4]=shidu_ge+48;
    338              T[5]=' ';
    339              T[6]=' ';
    340              T[7]=' ';   */
    341            /*******串口打印 WEBEE*********/
    342              /*HalUARTWrite(0,"temp=",5);
    343              HalUARTWrite(0,T,2);
    344              HalUARTWrite(0,"\n",1);    
    345              HalUARTWrite(0,"humidity=",9);
    346              HalUARTWrite(0,T+3,2);
    347              HalUARTWrite(0,"\n",1);   */    
    348          
    349               //SampleApp_SendPointToPointMessage();//点播函数
    350               
    351              // Setup to send message again in normal period (+ a little jitter)
    352              osal_start_timerEx( SampleApp_TaskID, SAMPLEAPP_SEND_PERIODIC_MSG_EVT,
    353                  (SAMPLEAPP_SEND_PERIODIC_MSG_TIMEOUT + (osal_rand() & 0x00FF)) );
   \   00009A                ; Setup parameters for call to function osal_rand
   \   00009A   12....       LCALL   ??osal_rand?relay
   \   00009D                ; Setup parameters for call to function osal_start_timerEx
   \   00009D   EA           MOV     A,R2
   \   00009E   2488         ADD     A,#-0x78
   \   0000A0   FC           MOV     R4,A
   \   0000A1   E4           CLR     A
   \   0000A2   3413         ADDC    A,#0x13
   \   0000A4   FD           MOV     R5,A
   \   0000A5   7A01         MOV     R2,#0x1
   \   0000A7   7B00         MOV     R3,#0x0
   \   0000A9   90....       MOV     DPTR,#SampleApp_TaskID
   \   0000AC   E0           MOVX    A,@DPTR
   \   0000AD   F9           MOV     R1,A
   \   0000AE   12....       LCALL   ??osal_start_timerEx?relay
    354          
    355              // return unprocessed events
    356              return (events ^ SAMPLEAPP_SEND_PERIODIC_MSG_EVT);
   \   0000B1   EE           MOV     A,R6
   \   0000B2   6401         XRL     A,#0x1
   \   0000B4   FA           MOV     R2,A
   \   0000B5   EF           MOV     A,R7
   \   0000B6   80DA         SJMP    ??SampleApp_ProcessEvent_9
    357            }
    358          
    359            // Discard unknown events
    360            return 0;
   \                     ??SampleApp_ProcessEvent_11:
   \   0000B8   7A00         MOV     R2,#0x0
   \   0000BA   7B00         MOV     R3,#0x0
   \                     ??SampleApp_ProcessEvent_10:
   \   0000BC                REQUIRE ?Subroutine0
   \   0000BC                ; // Fall through to label ?Subroutine0
    361          }

   \                                 In  segment BANKED_CODE, align 1, keep-with-next
   \                     ?Subroutine0:
   \   000000   7F04         MOV     R7,#0x4
   \   000002   02....       LJMP    ?BANKED_LEAVE_XDATA
    362          
    363          /*********************************************************************
    364           * Event Generation Functions
    365           */
    366          /*********************************************************************
    367           * @fn      SampleApp_HandleKeys
    368           *
    369           * @brief   Handles all key events for this device.
    370           *
    371           * @param   shift - true if in shift/alt.
    372           * @param   keys - bit field for key events. Valid entries:
    373           *                 HAL_KEY_SW_2
    374           *                 HAL_KEY_SW_1
    375           *
    376           * @return  none
    377           */

   \                                 In  segment BANKED_CODE, align 1, keep-with-next
    378          void SampleApp_HandleKeys( uint8 shift, uint8 keys )
   \                     SampleApp_HandleKeys:
    379          {
   \   000000   74F6         MOV     A,#-0xa
   \   000002   12....       LCALL   ?BANKED_ENTER_XDATA
   \   000005                ; Saved register size: 10
   \   000005                ; Auto size: 0
   \   000005   EA           MOV     A,R2
   \   000006   FE           MOV     R6,A
    380            (void)shift;  // Intentionally unreferenced parameter
    381            
    382            if ( keys & HAL_KEY_SW_1 )
   \   000007   A2E0         MOV     C,0xE0 /* A   */.0
   \   000009   5007         JNC     ??SampleApp_HandleKeys_0
    383            {
    384              /* This key sends the Flash Command is sent to Group 1.
    385               * This device will not receive the Flash Command from this
    386               * device (even if it belongs to group 1).
    387               */
    388              SampleApp_SendFlashMessage( SAMPLEAPP_FLASH_DURATION );
   \   00000B                ; Setup parameters for call to function SampleApp_SendFlashMessage
   \   00000B   7AE8         MOV     R2,#-0x18
   \   00000D   7B03         MOV     R3,#0x3
   \   00000F   12....       LCALL   ??SampleApp_SendFlashMessage?relay
    389            }
    390          
    391            if ( keys & HAL_KEY_SW_2 )
   \                     ??SampleApp_HandleKeys_0:
   \   000012   EE           MOV     A,R6
   \   000013   A2E1         MOV     C,0xE0 /* A   */.1
   \   000015   5024         JNC     ??SampleApp_HandleKeys_1
    392            {
    393              /* The Flashr Command is sent to Group 1.
    394               * This key toggles this device in and out of group 1.
    395               * If this device doesn't belong to group 1, this application
    396               * will not receive the Flash command sent to group 1.
    397               */
    398              aps_Group_t *grp;
    399              grp = aps_FindGroup( SAMPLEAPP_ENDPOINT, SAMPLEAPP_FLASH_GROUP );
    400              if ( grp )
   \   000017                ; Setup parameters for call to function aps_FindGroup
   \   000017   7A01         MOV     R2,#0x1
   \   000019   7B00         MOV     R3,#0x0
   \   00001B   7914         MOV     R1,#0x14
   \   00001D   12....       LCALL   ??aps_FindGroup?relay
   \   000020   8B..         MOV     ?V0 + 1,R3
   \   000022   EA           MOV     A,R2
   \   000023   45..         ORL     A,?V0 + 1
   \   000025   600B         JZ      ??SampleApp_HandleKeys_2
    401              {
    402                // Remove from the group
    403                aps_RemoveGroup( SAMPLEAPP_ENDPOINT, SAMPLEAPP_FLASH_GROUP );
   \   000027                ; Setup parameters for call to function aps_RemoveGroup
   \   000027   7A01         MOV     R2,#0x1
   \   000029   7B00         MOV     R3,#0x0
   \   00002B   7914         MOV     R1,#0x14
   \   00002D   12....       LCALL   ??aps_RemoveGroup?relay
   \   000030   8009         SJMP    ??SampleApp_HandleKeys_1
    404              }
    405              else
    406              {
    407                // Add to the flash group
    408                aps_AddGroup( SAMPLEAPP_ENDPOINT, &SampleApp_Group );
   \                     ??SampleApp_HandleKeys_2:
   \   000032                ; Setup parameters for call to function aps_AddGroup
   \   000032   7A..         MOV     R2,#SampleApp_Group & 0xff
   \   000034   7B..         MOV     R3,#(SampleApp_Group >> 8) & 0xff
   \   000036   7914         MOV     R1,#0x14
   \   000038   12....       LCALL   ??aps_AddGroup?relay
    409              }
    410            }
    411          }
   \                     ??SampleApp_HandleKeys_1:
   \   00003B   02....       LJMP    ??Subroutine8_0 & 0xFFFF

   \                                 In  segment BANKED_CODE, align 1, keep-with-next
   \                     ??Subroutine8_0:
   \   000000   7F02         MOV     R7,#0x2
   \   000002   02....       LJMP    ?BANKED_LEAVE_XDATA
    412          
    413          /*********************************************************************
    414           * LOCAL FUNCTIONS
    415           */
    416          
    417          /*********************************************************************
    418           * @fn      SampleApp_MessageMSGCB
    419           *
    420           * @brief   Data message processor callback.  This function processes
    421           *          any incoming data - probably from other devices.  So, based
    422           *          on cluster ID, perform the intended action.
    423           *
    424           * @param   none
    425           *
    426           * @return  none
    427           */

   \                                 In  segment BANKED_CODE, align 1, keep-with-next
    428          void SampleApp_MessageMSGCB( afIncomingMSGPacket_t *pkt )
   \                     SampleApp_MessageMSGCB:
    429          {
   \   000000   74F4         MOV     A,#-0xc
   \   000002   12....       LCALL   ?BANKED_ENTER_XDATA
   \   000005                ; Saved register size: 12
   \   000005                ; Auto size: 16
   \   000005   74F0         MOV     A,#-0x10
   \   000007   12....       LCALL   ?ALLOC_XSTACK8
   \   00000A   8A..         MOV     ?V0 + 2,R2
   \   00000C   8B..         MOV     ?V0 + 3,R3
    430            //获取终端地址
    431            uint16 flashTime,temp;
    432            uint8 asc_16[16]={'0','1','2','3','4','5','6','7','8','9','A','B','C','D','E','F'};
   \   00000E   85..82       MOV     DPL,?XSP + 0
   \   000011   85..83       MOV     DPH,?XSP + 1
   \   000014   AC82         MOV     R4,DPL
   \   000016   AD83         MOV     R5,DPH
   \   000018   7583..       MOV     DPH,#(`?<Constant {48, 49, 50, 51, 52, 53, 54, 55, 56` >> 8) & 0xff
   \   00001B   7582..       MOV     DPL,#`?<Constant {48, 49, 50, 51, 52, 53, 54, 55, 56` & 0xff
   \   00001E   7410         MOV     A,#0x10
   \   000020   12....       LCALL   ?MOVE_LONG8_XDATA_XDATA
    433            switch ( pkt->clusterId)
   \   000023   8A82         MOV     DPL,R2
   \   000025   8B83         MOV     DPH,R3
   \   000027   A3           INC     DPTR
   \   000028   A3           INC     DPTR
   \   000029   A3           INC     DPTR
   \   00002A   A3           INC     DPTR
   \   00002B   E0           MOVX    A,@DPTR
   \   00002C   F5..         MOV     ?V0 + 0,A
   \   00002E   A3           INC     DPTR
   \   00002F   E0           MOVX    A,@DPTR
   \   000030   F5..         MOV     ?V0 + 1,A
   \   000032   78..         MOV     R0,#?V0 + 0
   \   000034   12....       LCALL   ?US_SWITCH_DENSE
   \                     `?<Jumptable for SampleApp_MessageMSGCB>_0`:
   \   000037   0200         DW        2
   \   000039   01           DB        1
   \   00003A   ....         DW        ??SampleApp_MessageMSGCB_0
   \   00003C   ....         DW        ??SampleApp_MessageMSGCB_1
   \   00003E   ....         DW        ??SampleApp_MessageMSGCB_2
    434            {
    435              case SAMPLEAPP_POINT_TO_POINT_CLUSTERID:
    436                /**********短地址*******************/
    437               temp = pkt->srcAddr.addr.shortAddr;
   \                     ??SampleApp_MessageMSGCB_2:
   \   000040   8A82         MOV     DPL,R2
   \   000042   8B83         MOV     DPH,R3
   \   000044   A3           INC     DPTR
   \   000045   A3           INC     DPTR
   \   000046   A3           INC     DPTR
   \   000047   A3           INC     DPTR
   \   000048   A3           INC     DPTR
   \   000049   A3           INC     DPTR
   \   00004A   E0           MOVX    A,@DPTR
   \   00004B   FE           MOV     R6,A
   \   00004C   A3           INC     DPTR
   \   00004D   E0           MOVX    A,@DPTR
   \   00004E   FF           MOV     R7,A
    438               HalUARTWrite(0,"ShortAddr:0x",12);
   \   00004F                ; Setup parameters for call to function HalUARTWrite
   \   00004F   7C0C         MOV     R4,#0xc
   \   000051   7D00         MOV     R5,#0x0
   \   000053   7A..         MOV     R2,#`?<Constant "ShortAddr:0x">` & 0xff
   \   000055   7B..         MOV     R3,#(`?<Constant "ShortAddr:0x">` >> 8) & 0xff
   \   000057   12....       LCALL   ?Subroutine4 & 0xFFFF
    439               HalUARTWrite(0,&asc_16[temp/4096],1);
   \                     ??CrossCallReturnLabel_2:
   \   00005A   8E..         MOV     ?V0 + 0,R6
   \   00005C   8F..         MOV     ?V0 + 1,R7
   \   00005E   740C         MOV     A,#0xc
   \   000060   78..         MOV     R0,#?V0 + 0
   \   000062   12....       LCALL   ?US_SHR
   \   000065   85..82       MOV     DPL,?XSP + 0
   \   000068   85..83       MOV     DPH,?XSP + 1
   \   00006B   E582         MOV     A,DPL
   \   00006D   25..         ADD     A,?V0 + 0
   \   00006F   12....       LCALL   ?Subroutine2 & 0xFFFF
    440               HalUARTWrite(0,&asc_16[temp%4096/256],1);
   \                     ??CrossCallReturnLabel_5:
   \   000072   EF           MOV     A,R7
   \   000073   F9           MOV     R1,A
   \   000074   E4           CLR     A
   \   000075   C9           XCH     A,R1
   \   000076   12....       LCALL   ?Subroutine3 & 0xFFFF
   \                     ??CrossCallReturnLabel_0:
   \   000079   FA           MOV     R2,A
   \   00007A   E583         MOV     A,DPH
   \   00007C   3400         ADDC    A,#0x0
   \   00007E   FB           MOV     R3,A
   \   00007F   12....       LCALL   ??Subroutine6_0 & 0xFFFF
    441               HalUARTWrite(0,&asc_16[temp%256/16],1);
   \                     ??CrossCallReturnLabel_4:
   \   000082   EE           MOV     A,R6
   \   000083   C4           SWAP    A
   \   000084   12....       LCALL   ?Subroutine3 & 0xFFFF
   \                     ??CrossCallReturnLabel_1:
   \   000087   12....       LCALL   ?Subroutine2 & 0xFFFF
    442               HalUARTWrite(0,&asc_16[temp%16],1);
   \                     ??CrossCallReturnLabel_6:
   \   00008A   EE           MOV     A,R6
   \   00008B   540F         ANL     A,#0xf
   \   00008D   F8           MOV     R0,A
   \   00008E   7900         MOV     R1,#0x0
   \   000090   85..82       MOV     DPL,?XSP + 0
   \   000093   85..83       MOV     DPH,?XSP + 1
   \   000096   E582         MOV     A,DPL
   \   000098   28           ADD     A,R0
   \   000099   FA           MOV     R2,A
   \   00009A   E583         MOV     A,DPH
   \   00009C   3400         ADDC    A,#0x0
   \   00009E   FB           MOV     R3,A
   \   00009F   12....       LCALL   ??HalUARTWrite?relay
    443               HalUARTWrite(0,"\n",1);
   \   0000A2   75....       MOV     ?V0 + 0,#`?<Constant "\\n">` & 0xff
   \   0000A5   75....       MOV     ?V0 + 1,#(`?<Constant "\\n">` >> 8) & 0xff
   \   0000A8                ; Setup parameters for call to function HalUARTWrite
   \   0000A8   7C01         MOV     R4,#0x1
   \   0000AA   7D00         MOV     R5,#0x0
   \   0000AC   AA..         MOV     R2,?V0 + 0
   \   0000AE   AB..         MOV     R3,?V0 + 1
   \   0000B0   7900         MOV     R1,#0x0
   \   0000B2   12....       LCALL   ??HalUARTWrite?relay
    444                 /***********温度打印***************/
    445               HalUARTWrite(0,"Temp is:",8);        //提示接收到数据
   \   0000B5                ; Setup parameters for call to function HalUARTWrite
   \   0000B5   7C08         MOV     R4,#0x8
   \   0000B7   7D00         MOV     R5,#0x0
   \   0000B9   7A..         MOV     R2,#`?<Constant "Temp is:">` & 0xff
   \   0000BB   7B..         MOV     R3,#(`?<Constant "Temp is:">` >> 8) & 0xff
   \   0000BD   7900         MOV     R1,#0x0
   \   0000BF   12....       LCALL   ??HalUARTWrite?relay
    446               HalUARTWrite(0,&pkt->cmd.Data[0],2); //温度
   \   0000C2   E5..         MOV     A,?V0 + 2
   \   0000C4   2422         ADD     A,#0x22
   \   0000C6   FE           MOV     R6,A
   \   0000C7   E5..         MOV     A,?V0 + 3
   \   0000C9   3400         ADDC    A,#0x0
   \   0000CB   FF           MOV     R7,A
   \   0000CC                ; Setup parameters for call to function HalUARTWrite
   \   0000CC   7C02         MOV     R4,#0x2
   \   0000CE   7D00         MOV     R5,#0x0
   \   0000D0   8E82         MOV     DPL,R6
   \   0000D2   8F83         MOV     DPH,R7
   \   0000D4   E0           MOVX    A,@DPTR
   \   0000D5   FA           MOV     R2,A
   \   0000D6   A3           INC     DPTR
   \   0000D7   E0           MOVX    A,@DPTR
   \   0000D8   FB           MOV     R3,A
   \   0000D9   12....       LCALL   ?Subroutine4 & 0xFFFF
    447               HalUARTWrite(0,"\n",1);              // 回车换行
   \                     ??CrossCallReturnLabel_3:
   \   0000DC   AA..         MOV     R2,?V0 + 0
   \   0000DE   AB..         MOV     R3,?V0 + 1
   \   0000E0   7900         MOV     R1,#0x0
   \   0000E2   12....       LCALL   ??HalUARTWrite?relay
    448                
    449                 /***************湿度打印****************/
    450               HalUARTWrite(0,"Humidity is:",12);    //提示接收到数据
   \   0000E5                ; Setup parameters for call to function HalUARTWrite
   \   0000E5   7C0C         MOV     R4,#0xc
   \   0000E7   7D00         MOV     R5,#0x0
   \   0000E9   7A..         MOV     R2,#`?<Constant "Humidity is:">` & 0xff
   \   0000EB   7B..         MOV     R3,#(`?<Constant "Humidity is:">` >> 8) & 0xff
   \   0000ED   7900         MOV     R1,#0x0
   \   0000EF   12....       LCALL   ??HalUARTWrite?relay
    451               HalUARTWrite(0,&pkt->cmd.Data[2],2);  //湿度
   \   0000F2                ; Setup parameters for call to function HalUARTWrite
   \   0000F2   7C02         MOV     R4,#0x2
   \   0000F4   7D00         MOV     R5,#0x0
   \   0000F6   8E82         MOV     DPL,R6
   \   0000F8   8F83         MOV     DPH,R7
   \   0000FA   E0           MOVX    A,@DPTR
   \   0000FB   2402         ADD     A,#0x2
   \   0000FD   FA           MOV     R2,A
   \   0000FE   A3           INC     DPTR
   \   0000FF   E0           MOVX    A,@DPTR
   \   000100   12....       LCALL   ??Subroutine7_0 & 0xFFFF
    452               HalUARTWrite(0,"\n",1);              // 回车换行
   \                     ??CrossCallReturnLabel_7:
   \   000103   AA..         MOV     R2,?V0 + 0
   \   000105   AB..         MOV     R3,?V0 + 1
   \   000107   7900         MOV     R1,#0x0
   \   000109   12....       LCALL   ??HalUARTWrite?relay
    453                break;
   \   00010C   803D         SJMP    ??SampleApp_MessageMSGCB_0
    454          
    455              case SAMPLEAPP_FLASH_CLUSTERID:
    456                flashTime = BUILD_UINT16(pkt->cmd.Data[1], pkt->cmd.Data[2] );
    457                HalLedBlink( HAL_LED_4, 4, 50, (flashTime / 4) );
   \                     ??SampleApp_MessageMSGCB_1:
   \   00010E   EA           MOV     A,R2
   \   00010F   2422         ADD     A,#0x22
   \   000111   FE           MOV     R6,A
   \   000112   EB           MOV     A,R3
   \   000113   3400         ADDC    A,#0x0
   \   000115   FF           MOV     R7,A
   \   000116   8E82         MOV     DPL,R6
   \   000118   8F83         MOV     DPH,R7
   \   00011A   E0           MOVX    A,@DPTR
   \   00011B   F8           MOV     R0,A
   \   00011C   A3           INC     DPTR
   \   00011D   E0           MOVX    A,@DPTR
   \   00011E   F9           MOV     R1,A
   \   00011F                ; Setup parameters for call to function HalLedBlink
   \   00011F   8882         MOV     DPL,R0
   \   000121   8983         MOV     DPH,R1
   \   000123   A3           INC     DPTR
   \   000124   E0           MOVX    A,@DPTR
   \   000125   FA           MOV     R2,A
   \   000126   8882         MOV     DPL,R0
   \   000128   8983         MOV     DPH,R1
   \   00012A   A3           INC     DPTR
   \   00012B   A3           INC     DPTR
   \   00012C   E0           MOVX    A,@DPTR
   \   00012D   F9           MOV     R1,A
   \   00012E   EA           MOV     A,R2
   \   00012F   2400         ADD     A,#0x0
   \   000131   F5..         MOV     ?V0 + 0,A
   \   000133   E4           CLR     A
   \   000134   39           ADDC    A,R1
   \   000135   F5..         MOV     ?V0 + 1,A
   \   000137   7402         MOV     A,#0x2
   \   000139   78..         MOV     R0,#?V0 + 0
   \   00013B   12....       LCALL   ?US_SHR
   \   00013E   AC..         MOV     R4,?V0 + 0
   \   000140   AD..         MOV     R5,?V0 + 1
   \   000142   7B32         MOV     R3,#0x32
   \   000144   7A04         MOV     R2,#0x4
   \   000146   7908         MOV     R1,#0x8
   \   000148   12....       LCALL   ??HalLedBlink?relay
    458                break;
    459            }
    460          }
   \                     ??SampleApp_MessageMSGCB_0:
   \   00014B   7410         MOV     A,#0x10
   \   00014D   12....       LCALL   ?DEALLOC_XSTACK8
   \   000150   02....       LJMP    ?Subroutine0 & 0xFFFF

   \                                 In  segment BANKED_CODE, align 1, keep-with-next
   \                     ?Subroutine4:
   \   000000   7900         MOV     R1,#0x0
   \   000002                REQUIRE ??Subroutine6_0
   \   000002                ; // Fall through to label ??Subroutine6_0

   \                                 In  segment BANKED_CODE, align 1, keep-with-next
   \                     ??Subroutine6_0:
   \   000000   12....       LCALL   ??HalUARTWrite?relay
   \   000003                ; Setup parameters for call to function HalUARTWrite
   \   000003                ; Setup parameters for call to function HalUARTWrite
   \   000003                ; Setup parameters for call to function HalUARTWrite
   \   000003   7C01         MOV     R4,#0x1
   \   000005   7D00         MOV     R5,#0x0
   \   000007   22           RET

   \                                 In  segment BANKED_CODE, align 1, keep-with-next
   \                     ?Subroutine3:
   \   000000   540F         ANL     A,#0xf
   \   000002   F8           MOV     R0,A
   \   000003   85..82       MOV     DPL,?XSP + 0
   \   000006   85..83       MOV     DPH,?XSP + 1
   \   000009   E582         MOV     A,DPL
   \   00000B   28           ADD     A,R0
   \   00000C   22           RET

   \                                 In  segment BANKED_CODE, align 1, keep-with-next
   \                     ?Subroutine2:
   \   000000   FA           MOV     R2,A
   \   000001   E583         MOV     A,DPH
   \   000003                REQUIRE ??Subroutine7_0
   \   000003                ; // Fall through to label ??Subroutine7_0

   \                                 In  segment BANKED_CODE, align 1, keep-with-next
   \                     ??Subroutine7_0:
   \   000000   12....       LCALL   ?Subroutine5 & 0xFFFF
   \                     ??CrossCallReturnLabel_8:
   \   000003                ; Setup parameters for call to function HalUARTWrite
   \   000003                ; Setup parameters for call to function HalUARTWrite
   \   000003                ; Setup parameters for call to function HalUARTWrite
   \   000003   7C01         MOV     R4,#0x1
   \   000005   7D00         MOV     R5,#0x0
   \   000007   22           RET

   \                                 In  segment BANKED_CODE, align 1, keep-with-next
   \                     ?Subroutine5:
   \   000000   3400         ADDC    A,#0x0
   \   000002   FB           MOV     R3,A
   \   000003   7900         MOV     R1,#0x0
   \   000005   12....       LCALL   ??HalUARTWrite?relay
   \   000008   22           RET
    461          
    462          /*********************************************************************
    463           * @fn      SampleApp_SendPeriodicMessage
    464           *
    465           * @brief   Send the periodic message.
    466           *
    467           * @param   none
    468           *
    469           * @return  none
    470           */

   \                                 In  segment BANKED_CODE, align 1, keep-with-next
    471          void SampleApp_SendPeriodicMessage( void )
   \                     SampleApp_SendPeriodicMessage:
    472          {
   \   000000   74F6         MOV     A,#-0xa
   \   000002   12....       LCALL   ?BANKED_ENTER_XDATA
   \   000005                ; Saved register size: 10
   \   000005                ; Auto size: 10
   \   000005   74F6         MOV     A,#-0xa
   \   000007   12....       LCALL   ?ALLOC_XSTACK8
    473            uint8 data[10]={'0','1','2','3','4','5','6','7','8','9'};//自定义数据
   \   00000A   85..82       MOV     DPL,?XSP + 0
   \   00000D   85..83       MOV     DPH,?XSP + 1
   \   000010   AC82         MOV     R4,DPL
   \   000012   AD83         MOV     R5,DPH
   \   000014   7583..       MOV     DPH,#(`?<Constant {48, 49, 50, 51, 52, 53, 54, 55, 56_1` >> 8) & 0xff
   \   000017   7582..       MOV     DPL,#`?<Constant {48, 49, 50, 51, 52, 53, 54, 55, 56_1` & 0xff
   \   00001A   740A         MOV     A,#0xa
   \   00001C   12....       LCALL   ?MOVE_LONG8_XDATA_XDATA
    474            if ( AF_DataRequest( &SampleApp_Periodic_DstAddr, &SampleApp_epDesc,
    475                                 SAMPLEAPP_PERIODIC_CLUSTERID,
    476                                 10,//字节数
    477                                 data,//指针头
    478                                 &SampleApp_TransID,
    479                                 AF_DISCV_ROUTE,
    480                                 AF_DEFAULT_RADIUS ) == afStatus_SUCCESS )
   \   00001F                ; Setup parameters for call to function AF_DataRequest
   \   00001F   75..1E       MOV     ?V0 + 0,#0x1e
   \   000022   78..         MOV     R0,#?V0 + 0
   \   000024   12....       LCALL   ?PUSH_XSTACK_I_ONE
   \   000027   75....       MOV     ?V0 + 0,#SampleApp_TransID & 0xff
   \   00002A   75....       MOV     ?V0 + 1,#(SampleApp_TransID >> 8) & 0xff
   \   00002D   78..         MOV     R0,#?V0 + 0
   \   00002F   12....       LCALL   ?PUSH_XSTACK_I_TWO
   \   000032   7403         MOV     A,#0x3
   \   000034   12....       LCALL   ?XSTACK_DISP0_8
   \   000037   8582..       MOV     ?V0 + 0,DPL
   \   00003A   8583..       MOV     ?V0 + 1,DPH
   \   00003D   78..         MOV     R0,#?V0 + 0
   \   00003F   12....       LCALL   ?PUSH_XSTACK_I_TWO
   \   000042   75..0A       MOV     ?V0 + 0,#0xa
   \   000045   75..00       MOV     ?V0 + 1,#0x0
   \   000048   78..         MOV     R0,#?V0 + 0
   \   00004A   12....       LCALL   ?PUSH_XSTACK_I_TWO
   \   00004D   75..01       MOV     ?V0 + 0,#0x1
   \   000050   78..         MOV     R0,#?V0 + 0
   \   000052   12....       LCALL   ?PUSH_XSTACK_I_TWO
   \   000055   7920         MOV     R1,#0x20
   \   000057   7C..         MOV     R4,#SampleApp_epDesc & 0xff
   \   000059   7D..         MOV     R5,#(SampleApp_epDesc >> 8) & 0xff
   \   00005B   7A..         MOV     R2,#SampleApp_Periodic_DstAddr & 0xff
   \   00005D   7B..         MOV     R3,#(SampleApp_Periodic_DstAddr >> 8) & 0xff
   \   00005F   12....       LCALL   ??AF_DataRequest?relay
   \   000062   7409         MOV     A,#0x9
   \   000064   12....       LCALL   ?DEALLOC_XSTACK8
    481            {
    482            }
    483            else
    484            {
    485              // Error occurred in request to send.
    486            }
    487          }
   \   000067   740A         MOV     A,#0xa
   \   000069                REQUIRE ?Subroutine1
   \   000069                ; // Fall through to label ?Subroutine1

   \                                 In  segment BANKED_CODE, align 1, keep-with-next
   \                     ?Subroutine1:
   \   000000   12....       LCALL   ?DEALLOC_XSTACK8
   \   000003                REQUIRE ??Subroutine8_0
   \   000003                ; // Fall through to label ??Subroutine8_0
    488          
    489          /*********************************************************************
    490           * @fn      SampleApp_SendFlashMessage
    491           *
    492           * @brief   Send the flash message to group 1.
    493           *
    494           * @param   flashTime - in milliseconds
    495           *
    496           * @return  none
    497           */

   \                                 In  segment BANKED_CODE, align 1, keep-with-next
    498          void SampleApp_SendFlashMessage( uint16 flashTime )
   \                     SampleApp_SendFlashMessage:
    499          {
   \   000000   74F6         MOV     A,#-0xa
   \   000002   12....       LCALL   ?BANKED_ENTER_XDATA
   \   000005                ; Saved register size: 10
   \   000005                ; Auto size: 3
   \   000005   74FD         MOV     A,#-0x3
   \   000007   12....       LCALL   ?ALLOC_XSTACK8
    500            uint8 buffer[3];
    501            buffer[0] = (uint8)(SampleAppFlashCounter++);
   \   00000A   90....       MOV     DPTR,#SampleAppFlashCounter
   \   00000D   E0           MOVX    A,@DPTR
   \   00000E   85..82       MOV     DPL,?XSP + 0
   \   000011   85..83       MOV     DPH,?XSP + 1
   \   000014   F0           MOVX    @DPTR,A
   \   000015   90....       MOV     DPTR,#SampleAppFlashCounter
   \   000018   E0           MOVX    A,@DPTR
   \   000019   04           INC     A
   \   00001A   F0           MOVX    @DPTR,A
    502            buffer[1] = LO_UINT16( flashTime );
   \   00001B   7401         MOV     A,#0x1
   \   00001D   12....       LCALL   ?XSTACK_DISP0_8
   \   000020   EA           MOV     A,R2
   \   000021   F0           MOVX    @DPTR,A
    503            buffer[2] = HI_UINT16( flashTime );
   \   000022   7402         MOV     A,#0x2
   \   000024   12....       LCALL   ?XSTACK_DISP0_8
   \   000027   EB           MOV     A,R3
   \   000028   F0           MOVX    @DPTR,A
    504          
    505            if ( AF_DataRequest( &SampleApp_Flash_DstAddr, &SampleApp_epDesc,
    506                                 SAMPLEAPP_FLASH_CLUSTERID,
    507                                 3,
    508                                 buffer,
    509                                 &SampleApp_TransID,
    510                                 AF_DISCV_ROUTE,
    511                                 AF_DEFAULT_RADIUS ) == afStatus_SUCCESS )
   \   000029                ; Setup parameters for call to function AF_DataRequest
   \   000029   75..1E       MOV     ?V0 + 0,#0x1e
   \   00002C   78..         MOV     R0,#?V0 + 0
   \   00002E   12....       LCALL   ?PUSH_XSTACK_I_ONE
   \   000031   75....       MOV     ?V0 + 0,#SampleApp_TransID & 0xff
   \   000034   75....       MOV     ?V0 + 1,#(SampleApp_TransID >> 8) & 0xff
   \   000037   78..         MOV     R0,#?V0 + 0
   \   000039   12....       LCALL   ?PUSH_XSTACK_I_TWO
   \   00003C   7403         MOV     A,#0x3
   \   00003E   12....       LCALL   ?XSTACK_DISP0_8
   \   000041   8582..       MOV     ?V0 + 0,DPL
   \   000044   8583..       MOV     ?V0 + 1,DPH
   \   000047   78..         MOV     R0,#?V0 + 0
   \   000049   12....       LCALL   ?PUSH_XSTACK_I_TWO
   \   00004C   75..03       MOV     ?V0 + 0,#0x3
   \   00004F   75..00       MOV     ?V0 + 1,#0x0
   \   000052   78..         MOV     R0,#?V0 + 0
   \   000054   12....       LCALL   ?PUSH_XSTACK_I_TWO
   \   000057   75..02       MOV     ?V0 + 0,#0x2
   \   00005A   78..         MOV     R0,#?V0 + 0
   \   00005C   12....       LCALL   ?PUSH_XSTACK_I_TWO
   \   00005F   7920         MOV     R1,#0x20
   \   000061   7C..         MOV     R4,#SampleApp_epDesc & 0xff
   \   000063   7D..         MOV     R5,#(SampleApp_epDesc >> 8) & 0xff
   \   000065   7A..         MOV     R2,#SampleApp_Flash_DstAddr & 0xff
   \   000067   7B..         MOV     R3,#(SampleApp_Flash_DstAddr >> 8) & 0xff
   \   000069   12....       LCALL   ??AF_DataRequest?relay
   \   00006C   7409         MOV     A,#0x9
   \   00006E   12....       LCALL   ?DEALLOC_XSTACK8
    512            {
    513            }
    514            else
    515            {
    516              // Error occurred in request to send.
    517            }
    518          }
   \   000071   7403         MOV     A,#0x3
   \   000073   80..         SJMP    ?Subroutine1
    519          
    520          /*********************************************************************
    521          *********************************************************************/

   \                                 In  segment BANKED_CODE, align 1, keep-with-next
    522          void SampleApp_SendPointToPointMessage( mtOSALSerialData_t *cmdMsg )
   \                     SampleApp_SendPointToPointMessage:
    523          {
   \   000000   74F2         MOV     A,#-0xe
   \   000002   12....       LCALL   ?BANKED_ENTER_XDATA
   \   000005                ; Saved register size: 14
   \   000005                ; Auto size: 0
    524            uint8 i,len,*str=NULL;     //len有用数据长度
    525            str=cmdMsg->msg;          //指向数据开头
   \   000005   8A82         MOV     DPL,R2
   \   000007   8B83         MOV     DPH,R3
   \   000009   A3           INC     DPTR
   \   00000A   A3           INC     DPTR
   \   00000B   E0           MOVX    A,@DPTR
   \   00000C   F5..         MOV     ?V0 + 0,A
   \   00000E   A3           INC     DPTR
   \   00000F   E0           MOVX    A,@DPTR
   \   000010   F5..         MOV     ?V0 + 1,A
    526            len=*str;                 //msg里的第1个字节代表后面的数据长度
   \   000012   85..82       MOV     DPL,?V0 + 0
   \   000015   F583         MOV     DPH,A
   \   000017   E0           MOVX    A,@DPTR
   \   000018   F5..         MOV     ?V0 + 2,A
    527          
    528            /********打印出串口接收到的数据，用于提示*********/
    529          
    530            for(i=1;i<=len;i++)
   \   00001A   7E01         MOV     R6,#0x1
   \   00001C   800D         SJMP    ??SampleApp_SendPointToPointMessage_0
    531            HalUARTWrite(0,str+i,1 ); 
   \                     ??SampleApp_SendPointToPointMessage_1:
   \   00001E                ; Setup parameters for call to function HalUARTWrite
   \   00001E   8E..         MOV     ?V0 + 4,R6
   \   000020   E5..         MOV     A,?V0 + 0
   \   000022   25..         ADD     A,?V0 + 4
   \   000024   FA           MOV     R2,A
   \   000025   E5..         MOV     A,?V0 + 1
   \   000027   12....       LCALL   ?Subroutine5 & 0xFFFF
   \                     ??CrossCallReturnLabel_9:
   \   00002A   0E           INC     R6
   \                     ??SampleApp_SendPointToPointMessage_0:
   \   00002B   E5..         MOV     A,?V0 + 2
   \   00002D   C3           CLR     C
   \   00002E   9E           SUBB    A,R6
   \   00002F   7C01         MOV     R4,#0x1
   \   000031   7D00         MOV     R5,#0x0
   \   000033   50E9         JNC     ??SampleApp_SendPointToPointMessage_1
    532            HalUARTWrite(0,"\n",1 );//换行  
   \   000035                ; Setup parameters for call to function HalUARTWrite
   \   000035   7A..         MOV     R2,#`?<Constant "\\n">` & 0xff
   \   000037   7B..         MOV     R3,#(`?<Constant "\\n">` >> 8) & 0xff
   \   000039   7900         MOV     R1,#0x0
   \   00003B   12....       LCALL   ??HalUARTWrite?relay
    533          
    534            /*******发送出去***参考网蜂 1小时无线数据传输教程*********/
    535          
    536            if ( AF_DataRequest( &Point_To_Point_DstAddr, &SampleApp_epDesc,
    537          	                    SAMPLEAPP_COM_CLUSTERID,//自己定义一个
    538          	                    len+1,                  // 数据长度         
    539                                      str,                     //数据内容
    540          	                    &SampleApp_TransID, 
    541          	                    AF_DISCV_ROUTE,
    542          	                    AF_DEFAULT_RADIUS ) == afStatus_SUCCESS )
   \   00003E                ; Setup parameters for call to function AF_DataRequest
   \   00003E   75..1E       MOV     ?V0 + 3,#0x1e
   \   000041   78..         MOV     R0,#?V0 + 3
   \   000043   12....       LCALL   ?PUSH_XSTACK_I_ONE
   \   000046   75....       MOV     ?V0 + 4,#SampleApp_TransID & 0xff
   \   000049   75....       MOV     ?V0 + 5,#(SampleApp_TransID >> 8) & 0xff
   \   00004C   78..         MOV     R0,#?V0 + 4
   \   00004E   12....       LCALL   ?PUSH_XSTACK_I_TWO
   \   000051   78..         MOV     R0,#?V0 + 0
   \   000053   12....       LCALL   ?PUSH_XSTACK_I_TWO
   \   000056   E5..         MOV     A,?V0 + 2
   \   000058   2401         ADD     A,#0x1
   \   00005A   F5..         MOV     ?V0 + 0,A
   \   00005C   E4           CLR     A
   \   00005D   3400         ADDC    A,#0x0
   \   00005F   F5..         MOV     ?V0 + 1,A
   \   000061   78..         MOV     R0,#?V0 + 0
   \   000063   12....       LCALL   ?PUSH_XSTACK_I_TWO
   \   000066   75..04       MOV     ?V0 + 0,#0x4
   \   000069   75..00       MOV     ?V0 + 1,#0x0
   \   00006C   78..         MOV     R0,#?V0 + 0
   \   00006E   12....       LCALL   ?PUSH_XSTACK_I_TWO
   \   000071   7920         MOV     R1,#0x20
   \   000073   7C..         MOV     R4,#SampleApp_epDesc & 0xff
   \   000075   7D..         MOV     R5,#(SampleApp_epDesc >> 8) & 0xff
   \   000077   7A..         MOV     R2,#Point_To_Point_DstAddr & 0xff
   \   000079   7B..         MOV     R3,#(Point_To_Point_DstAddr >> 8) & 0xff
   \   00007B   12....       LCALL   ??AF_DataRequest?relay
   \   00007E   7409         MOV     A,#0x9
   \   000080   12....       LCALL   ?DEALLOC_XSTACK8
    543          	                     {
    544          	                     }
    545            else
    546            {
    547              // Error occurred in request to send.
    548            }
    549          
    550          
    551          }
   \   000083   7F06         MOV     R7,#0x6
   \   000085   02....       LJMP    ?BANKED_LEAVE_XDATA

   \                                 In  segment BANK_RELAYS, align 1
   \                     ??SampleApp_Init?relay:
   \   000000   12....       LCALL   ?BDISPATCH
   \   000003   ......       DC24    SampleApp_Init

   \                                 In  segment BANK_RELAYS, align 1
   \                     ??SampleApp_ProcessEvent?relay:
   \   000000   12....       LCALL   ?BDISPATCH
   \   000003   ......       DC24    SampleApp_ProcessEvent

   \                                 In  segment BANK_RELAYS, align 1
   \                     ??SampleApp_HandleKeys?relay:
   \   000000   12....       LCALL   ?BDISPATCH
   \   000003   ......       DC24    SampleApp_HandleKeys

   \                                 In  segment BANK_RELAYS, align 1
   \                     ??SampleApp_MessageMSGCB?relay:
   \   000000   12....       LCALL   ?BDISPATCH
   \   000003   ......       DC24    SampleApp_MessageMSGCB

   \                                 In  segment BANK_RELAYS, align 1
   \                     ??SampleApp_SendPeriodicMessage?relay:
   \   000000   12....       LCALL   ?BDISPATCH
   \   000003   ......       DC24    SampleApp_SendPeriodicMessage

   \                                 In  segment BANK_RELAYS, align 1
   \                     ??SampleApp_SendFlashMessage?relay:
   \   000000   12....       LCALL   ?BDISPATCH
   \   000003   ......       DC24    SampleApp_SendFlashMessage

   \                                 In  segment BANK_RELAYS, align 1
   \                     ??SampleApp_SendPointToPointMessage?relay:
   \   000000   12....       LCALL   ?BDISPATCH
   \   000003   ......       DC24    SampleApp_SendPointToPointMessage

   \                                 In  segment XDATA_ROM_C, align 1
   \                     `?<Constant "Group 1">`:
   \   000000   47726F75     DB "Group 1"
   \            70203100

   \                                 In  segment XDATA_ROM_C, align 1
   \                     `?<Constant "SampleApp">`:
   \   000000   53616D70     DB "SampleApp"
   \            6C654170
   \            7000    

   \                                 In  segment XDATA_ROM_C, align 1
   \                     `?<Constant {48, 49, 50, 51, 52, 53, 54, 55, 56`:
   \   000000   30           DB 48
   \   000001   31           DB 49
   \   000002   32           DB 50
   \   000003   33           DB 51
   \   000004   34           DB 52
   \   000005   35           DB 53
   \   000006   36           DB 54
   \   000007   37           DB 55
   \   000008   38           DB 56
   \   000009   39           DB 57
   \   00000A   41           DB 65
   \   00000B   42           DB 66
   \   00000C   43           DB 67
   \   00000D   44           DB 68
   \   00000E   45           DB 69
   \   00000F   46           DB 70

   \                                 In  segment XDATA_ROM_C, align 1
   \                     `?<Constant "ShortAddr:0x">`:
   \   000000   53686F72     DB "ShortAddr:0x"
   \            74416464
   \            723A3078
   \            00      

   \                                 In  segment XDATA_ROM_C, align 1
   \                     `?<Constant "\\n">`:
   \   000000   0A00         DB "\012"

   \                                 In  segment XDATA_ROM_C, align 1
   \                     `?<Constant "Temp is:">`:
   \   000000   54656D70     DB "Temp is:"
   \            2069733A
   \            00      

   \                                 In  segment XDATA_ROM_C, align 1
   \                     `?<Constant "Humidity is:">`:
   \   000000   48756D69     DB "Humidity is:"
   \            64697479
   \            2069733A
   \            00      

   \                                 In  segment XDATA_ROM_C, align 1
   \                     `?<Constant {48, 49, 50, 51, 52, 53, 54, 55, 56_1`:
   \   000000   30           DB 48
   \   000001   31           DB 49
   \   000002   32           DB 50
   \   000003   33           DB 51
   \   000004   34           DB 52
   \   000005   35           DB 53
   \   000006   36           DB 54
   \   000007   37           DB 55
   \   000008   38           DB 56
   \   000009   39           DB 57
    552          //协调器

   Maximum stack usage in bytes:

     Function                       ISTACK PSTACK XSTACK
     --------                       ------ ------ ------
     SampleApp_HandleKeys               0      0     22
       -> SampleApp_SendFlashMessage
                                        0      0     20
       -> aps_FindGroup                 0      0     20
       -> aps_RemoveGroup               0      0     20
       -> aps_AddGroup                  0      0     20
     SampleApp_Init                     0      0     14
       -> MT_UartInit                   0      0     22
       -> MT_UartRegisterTaskID         0      0     22
       -> afRegister                    0      0     22
       -> RegisterForKeys               0      0     22
       -> osal_memcpy                   0      0     28
       -> aps_AddGroup                  0      0     22
       -> HalLcdWriteString             0      0     22
     SampleApp_MessageMSGCB             2      0     40
       -> HalUARTWrite                  0      0     56
       -> HalUARTWrite                  0      0     56
       -> HalUARTWrite                  0      0     56
       -> HalUARTWrite                  0      0     56
       -> HalUARTWrite                  0      0     56
       -> HalUARTWrite                  0      0     56
       -> HalUARTWrite                  0      0     56
       -> HalUARTWrite                  0      0     56
       -> HalUARTWrite                  0      0     56
       -> HalUARTWrite                  0      0     56
       -> HalUARTWrite                  0      0     56
       -> HalUARTWrite                  0      0     56
       -> HalLedBlink                   0      0     56
     SampleApp_ProcessEvent             0      0     12
       -> osal_msg_receive              0      0     24
       -> osal_start_timerEx            0      0     24
       -> osal_msg_deallocate           0      0     24
       -> osal_msg_receive              0      0     24
       -> SampleApp_SendPointToPointMessage
                                        0      0     24
       -> SampleApp_HandleKeys          0      0     24
       -> SampleApp_MessageMSGCB        0      0     24
       -> osal_rand                     0      0     24
       -> osal_start_timerEx            0      0     24
     SampleApp_SendFlashMessage         1      0     32
       -> AF_DataRequest                0      0     44
     SampleApp_SendPeriodicMessage      2      0     29
       -> AF_DataRequest                0      0     58
     SampleApp_SendPointToPointMessage
                                        0      0     35
       -> HalUARTWrite                  0      0     28
       -> HalUARTWrite                  0      0     28
       -> AF_DataRequest                0      0     46


   Segment part sizes:

     Function/Label                                   Bytes
     --------------                                   -----
     P0SEL                                               1
     SampleApp_ClusterList                               6
     SampleApp_SimpleDesc                               12
     SampleApp_epDesc                                    6
     SampleApp_TaskID                                    1
     SampleApp_NwkState                                  1
     SampleApp_TransID                                   1
     SampleApp_Periodic_DstAddr                         12
     SampleApp_Flash_DstAddr                            12
     Point_To_Point_DstAddr                             12
     SampleApp_Group                                    18
     SampleAppPeriodicCounter                            1
     SampleAppFlashCounter                               1
     SampleApp_Init                                    191
     SampleApp_ProcessEvent                            188
     ?Subroutine0                                        5
     SampleApp_HandleKeys                               62
     ??Subroutine8_0                                     5
     SampleApp_MessageMSGCB                            339
     ?Subroutine4                                        2
     ??Subroutine6_0                                     8
     ?Subroutine3                                       13
     ?Subroutine2                                        3
     ??Subroutine7_0                                     8
     ?Subroutine5                                        9
     SampleApp_SendPeriodicMessage                     105
     ?Subroutine1                                        3
     SampleApp_SendFlashMessage                        117
     SampleApp_SendPointToPointMessage
                                                       136
     ??SampleApp_Init?relay                              6
     ??SampleApp_ProcessEvent?relay                      6
     ??SampleApp_HandleKeys?relay                        6
     ??SampleApp_MessageMSGCB?relay                      6
     ??SampleApp_SendPeriodicMessage?relay               6
     ??SampleApp_SendFlashMessage?relay                  6
     ??SampleApp_SendPointToPointMessage?relay           6
     ?<Constant "Group 1">                               8
     ?<Constant "SampleApp">                            10
     ?<Constant {48, 49, 50, 51, 52, 53, 54, 55, 56     16
     ?<Constant "ShortAddr:0x">                         13
     ?<Constant "\n">                                    2
     ?<Constant "Temp is:">                              9
     ?<Constant "Humidity is:">                         13
     ?<Constant {48, 49, 50, 51, 52, 53, 54, 55, 56_1   10

 
 1 194 bytes in segment BANKED_CODE
    42 bytes in segment BANK_RELAYS
     1 byte  in segment SFR_AN
    99 bytes in segment XDATA_ROM_C
    65 bytes in segment XDATA_Z
 
 1 236 bytes of CODE  memory
    99 bytes of CONST memory
     0 bytes of DATA  memory (+ 1 byte shared)
    65 bytes of XDATA memory

Errors: none
Warnings: none
